Last login: Thu Apr  8 15:13:00 on console
mohammedmiskeen@Mohammeds-MBP ~ % 
mohammedmiskeen@Mohammeds-MBP ~ % 
mohammedmiskeen@Mohammeds-MBP ~ % $ brew install git
zsh: command not found: $
mohammedmiskeen@Mohammeds-MBP ~ % cd 
mohammedmiskeen@Mohammeds-MBP ~ % brew -v
zsh: command not found: brew
mohammedmiskeen@Mohammeds-MBP ~ % brew -v
zsh: command not found: brew
mohammedmiskeen@Mohammeds-MBP ~ % 📋
zsh: command not found: 📋
mohammedmiskeen@Mohammeds-MBP ~ % 📋
zsh: command not found: 📋
mohammedmiskeen@Mohammeds-MBP ~ % 
mohammedmiskeen@Mohammeds-MBP ~ % 
mohammedmiskeen@Mohammeds-MBP ~ % 
mohammedmiskeen@Mohammeds-MBP ~ % 
mohammedmiskeen@Mohammeds-MBP ~ % /bin/bash -c "$(curl -fsSL https://raw.githubusercontent.com/Homebrew/install/HEAD/install.sh)"
==> Checking for `sudo` access (which may request your password).
Password:
Sorry, try again.
Password:
==> This script will install:
/opt/homebrew/bin/brew
/opt/homebrew/share/doc/homebrew
/opt/homebrew/share/man/man1/brew.1
/opt/homebrew/share/zsh/site-functions/_brew
/opt/homebrew/etc/bash_completion.d/brew
/opt/homebrew
==> The following new directories will be created:
/opt/homebrew/bin
/opt/homebrew/etc
/opt/homebrew/include
/opt/homebrew/lib
/opt/homebrew/sbin
/opt/homebrew/share
/opt/homebrew/var
/opt/homebrew/opt
/opt/homebrew/share/zsh
/opt/homebrew/share/zsh/site-functions
/opt/homebrew/var/homebrew
/opt/homebrew/var/homebrew/linked
/opt/homebrew/Cellar
/opt/homebrew/Caskroom
/opt/homebrew/Frameworks
==> The Xcode Command Line Tools will be installed.

Press RETURN to continue or any other key to abort
==> /usr/bin/sudo /bin/mkdir -p /opt/homebrew
==> /usr/bin/sudo /usr/sbin/chown root:wheel /opt/homebrew
==> /usr/bin/sudo /bin/mkdir -p /opt/homebrew/bin /opt/homebrew/etc /opt/homebrew/include /opt/homebrew/lib /opt/homebrew/sbin /opt/homebrew/share /opt/homebrew/var /opt/homebrew/opt /opt/homebrew/share/zsh /opt/homebrew/share/zsh/site-functions /opt/homebrew/var/homebrew /opt/homebrew/var/homebrew/linked /opt/homebrew/Cellar /opt/homebrew/Caskroom /opt/homebrew/Frameworks
==> /usr/bin/sudo /bin/chmod g+rwx /opt/homebrew/bin /opt/homebrew/etc /opt/homebrew/include /opt/homebrew/lib /opt/homebrew/sbin /opt/homebrew/share /opt/homebrew/var /opt/homebrew/opt /opt/homebrew/share/zsh /opt/homebrew/share/zsh/site-functions /opt/homebrew/var/homebrew /opt/homebrew/var/homebrew/linked /opt/homebrew/Cellar /opt/homebrew/Caskroom /opt/homebrew/Frameworks
==> /usr/bin/sudo /usr/sbin/chown mohammedmiskeen /opt/homebrew/bin /opt/homebrew/etc /opt/homebrew/include /opt/homebrew/lib /opt/homebrew/sbin /opt/homebrew/share /opt/homebrew/var /opt/homebrew/opt /opt/homebrew/share/zsh /opt/homebrew/share/zsh/site-functions /opt/homebrew/var/homebrew /opt/homebrew/var/homebrew/linked /opt/homebrew/Cellar /opt/homebrew/Caskroom /opt/homebrew/Frameworks
==> /usr/bin/sudo /usr/bin/chgrp admin /opt/homebrew/bin /opt/homebrew/etc /opt/homebrew/include /opt/homebrew/lib /opt/homebrew/sbin /opt/homebrew/share /opt/homebrew/var /opt/homebrew/opt /opt/homebrew/share/zsh /opt/homebrew/share/zsh/site-functions /opt/homebrew/var/homebrew /opt/homebrew/var/homebrew/linked /opt/homebrew/Cellar /opt/homebrew/Caskroom /opt/homebrew/Frameworks
==> /usr/bin/sudo /usr/sbin/chown -R mohammedmiskeen:admin /opt/homebrew
==> /usr/bin/sudo /bin/mkdir -p /Users/mohammedmiskeen/Library/Caches/Homebrew
==> /usr/bin/sudo /bin/chmod g+rwx /Users/mohammedmiskeen/Library/Caches/Homebrew
==> /usr/bin/sudo /usr/sbin/chown -R mohammedmiskeen /Users/mohammedmiskeen/Library/Caches/Homebrew
==> Searching online for the Command Line Tools
==> /usr/bin/sudo /usr/bin/touch /tmp/.com.apple.dt.CommandLineTools.installondemand.in-progress

==> Installing Command Line Tools for Xcode-12.4
==> /usr/bin/sudo /usr/sbin/softwareupdate -i Command\ Line\ Tools\ for\ Xcode-12.4
Software Update Tool

Finding available software

Downloading Command Line Tools for Xcode

Downloaded Command Line Tools for Xcode
Installing Command Line Tools for Xcode

Done with Command Line Tools for Xcode
Done.
==> /usr/bin/sudo /bin/rm -f /tmp/.com.apple.dt.CommandLineTools.installondemand.in-progress
==> /usr/bin/sudo /usr/bin/xcode-select --switch /Library/Developer/CommandLineTools
==> Downloading and installing Homebrew...
remote: Enumerating objects: 44, done.
remote: Counting objects: 100% (44/44), done.
remote: Compressing objects: 100% (44/44), done.
remote: Total 179765 (delta 0), reused 44 (delta 0), pack-reused 179721
Receiving objects: 100% (179765/179765), 47.20 MiB | 583.00 KiB/s, done.
Resolving deltas: 100% (133399/133399), done.
From https://github.com/Homebrew/brew
 * [new branch]      SMillerDev-patch-1                                  -> origin/SMillerDev-patch-1
 * [new branch]      dependabot/bundler/Library/Homebrew/sorbet-0.5.6357 -> origin/dependabot/bundler/Library/Homebrew/sorbet-0.5.6357
 * [new branch]      master                                              -> origin/master
 * [new tag]             0.1                                                 -> 0.1
 * [new tag]             0.2                                                 -> 0.2
 * [new tag]             0.3                                                 -> 0.3
 * [new tag]             0.4                                                 -> 0.4
 * [new tag]             0.5                                                 -> 0.5
 * [new tag]             0.6                                                 -> 0.6
 * [new tag]             0.7                                                 -> 0.7
 * [new tag]             0.7.1                                               -> 0.7.1
 * [new tag]             0.8                                                 -> 0.8
-> 3.0.8
 * [new tag]             3.0.9                                               -> 3.0.9
HEAD is now at bf0f38c72 Merge pull request #11083 from Bo98/ghp-bottle-tag
==> Tapping homebrew/core
remote: Enumerating objects: 36, done.
remote: Counting objects: 100% (36/36), done.
remote: Compressing objects: 100% (28/28), done.
remote: Total 937664 (delta 18), reused 18 (delta 8), pack-reused 937628
Receiving objects: 100% (937664/937664), 373.13 MiB | 1.57 MiB/s, done.
Resolving deltas: 100% (637063/637063), done.
From https://github.com/Homebrew/homebrew-core
 * [new branch]      master     -> origin/master
HEAD is now at 04991b279b cask 0.8.7 (#74846)
Warning: /opt/homebrew/bin is not in your PATH.
==> Installation successful!

==> Homebrew has enabled anonymous aggregate formulae and cask analytics.
Read the analytics documentation (and how to opt-out) here:
  https://docs.brew.sh/Analytics
No analytics data has been sent yet (or will be during this `install` run).

==> Homebrew is run entirely by unpaid volunteers. Please consider donating:
  https://github.com/Homebrew/brew#donations

==> Next steps:
- Add Homebrew to your PATH in /Users/mohammedmiskeen/.zprofile:
    echo 'eval "$(/opt/homebrew/bin/brew shellenv)"' >> /Users/mohammedmiskeen/.zprofile
    eval "$(/opt/homebrew/bin/brew shellenv)"
- Run `brew help` to get started
- Further documentation: 
    https://docs.brew.sh
mohammedmiskeen@Mohammeds-MBP ~ % 
mohammedmiskeen@Mohammeds-MBP ~ % 
mohammedmiskeen@Mohammeds-MBP ~ % 
mohammedmiskeen@Mohammeds-MBP ~ % brew -v
zsh: command not found: brew
mohammedmiskeen@Mohammeds-MBP ~ % brew -V
zsh: command not found: brew
mohammedmiskeen@Mohammeds-MBP ~ % git --version
git version 2.24.3 (Apple Git-128)
mohammedmiskeen@Mohammeds-MBP ~ % 
mohammedmiskeen@Mohammeds-MBP ~ % 
mohammedmiskeen@Mohammeds-MBP ~ % git --version 
git version 2.24.3 (Apple Git-128)
mohammedmiskeen@Mohammeds-MBP ~ % 
mohammedmiskeen@Mohammeds-MBP ~ % 
mohammedmiskeen@Mohammeds-MBP ~ % pwd
/Users/mohammedmiskeen
mohammedmiskeen@Mohammeds-MBP ~ % mkdir myProjectdir 
mohammedmiskeen@Mohammeds-MBP ~ % cd myProjectdir 
mohammedmiskeen@Mohammeds-MBP myProjectdir % ls 
mohammedmiskeen@Mohammeds-MBP myProjectdir % ls -l
mohammedmiskeen@Mohammeds-MBP myProjectdir % ls -ls
mohammedmiskeen@Mohammeds-MBP myProjectdir % git init
Initialized empty Git repository in /Users/mohammedmiskeen/myProjectdir/.git/
mohammedmiskeen@Mohammeds-MBP myProjectdir % ls -lts
mohammedmiskeen@Mohammeds-MBP myProjectdir % ls -lrt
mohammedmiskeen@Mohammeds-MBP myProjectdir % ls -la
total 0
drwxr-xr-x   3 mohammedmiskeen  staff   96 Apr  9 00:14 .
drwxr-xr-x+ 14 mohammedmiskeen  staff  448 Apr  9 00:13 ..
drwxr-xr-x   9 mohammedmiskeen  staff  288 Apr  9 00:14 .git
mohammedmiskeen@Mohammeds-MBP myProjectdir % git status 
On branch master

No commits yet

nothing to commit (create/copy files and use "git add" to track)
mohammedmiskeen@Mohammeds-MBP myProjectdir % pwd
/Users/mohammedmiskeen/myProjectdir
mohammedmiskeen@Mohammeds-MBP myProjectdir % 
mohammedmiskeen@Mohammeds-MBP myProjectdir % 
mohammedmiskeen@Mohammeds-MBP myProjectdir % git init newProjectdir
Initialized empty Git repository in /Users/mohammedmiskeen/myProjectdir/newProjectdir/.git/
mohammedmiskeen@Mohammeds-MBP myProjectdir % cd newProjectdir 
mohammedmiskeen@Mohammeds-MBP newProjectdir % ls -ls
mohammedmiskeen@Mohammeds-MBP newProjectdir % ls -la
total 0
drwxr-xr-x  3 mohammedmiskeen  staff   96 Apr  9 00:15 .
drwxr-xr-x  4 mohammedmiskeen  staff  128 Apr  9 00:15 ..
drwxr-xr-x  9 mohammedmiskeen  staff  288 Apr  9 00:15 .git
mohammedmiskeen@Mohammeds-MBP newProjectdir % pwd
/Users/mohammedmiskeen/myProjectdir/newProjectdir
mohammedmiskeen@Mohammeds-MBP newProjectdir % 
mohammedmiskeen@Mohammeds-MBP newProjectdir % 
mohammedmiskeen@Mohammeds-MBP newProjectdir % 
mohammedmiskeen@Mohammeds-MBP newProjectdir % cd 
mohammedmiskeen@Mohammeds-MBP ~ % pwd
/Users/mohammedmiskeen
mohammedmiskeen@Mohammeds-MBP ~ % cd          
mohammedmiskeen@Mohammeds-MBP ~ % pwd 
/Users/mohammedmiskeen
mohammedmiskeen@Mohammeds-MBP ~ % cd /Users/mohammedmiskeen/Desktop 
mohammedmiskeen@Mohammeds-MBP Desktop % cd 
mohammedmiskeen@Mohammeds-MBP ~ % ls -ltr
total 0
drwxr-xr-x+  4 mohammedmiskeen  staff   128 Apr  7 19:24 Public
drwx------+  3 mohammedmiskeen  staff    96 Apr  7 19:24 Downloads
drwx------+  3 mohammedmiskeen  staff    96 Apr  7 19:24 Documents
drwx------+  4 mohammedmiskeen  staff   128 Apr  7 19:25 Pictures
drwx------   4 mohammedmiskeen  staff   128 Apr  7 22:34 Movies
drwx------+  4 mohammedmiskeen  staff   128 Apr  8 17:34 Music
drwx------@ 64 mohammedmiskeen  staff  2048 Apr  8 17:34 Library
drwx------+  5 mohammedmiskeen  staff   160 Apr  9 00:47 Desktop
mohammedmiskeen@Mohammeds-MBP ~ % cd Desktop 
mohammedmiskeen@Mohammeds-MBP Desktop % ls 
myProjectdir
mohammedmiskeen@Mohammeds-MBP Desktop % 
mohammedmiskeen@Mohammeds-MBP Desktop % 
mohammedmiskeen@Mohammeds-MBP Desktop % git --version
git version 2.24.3 (Apple Git-128)
mohammedmiskeen@Mohammeds-MBP Desktop % git config —global user.email ‘’mohd.miskeen15@gmail.com’’
fatal: not in a git directory
mohammedmiskeen@Mohammeds-MBP Desktop % cd /Users/mohammedmiskeen 
mohammedmiskeen@Mohammeds-MBP ~ % git --version
git version 2.24.3 (Apple Git-128)
mohammedmiskeen@Mohammeds-MBP ~ % mkdir FirstGitProject
mohammedmiskeen@Mohammeds-MBP ~ % cd FirstGitProject 
mohammedmiskeen@Mohammeds-MBP FirstGitProject % ls -ltr
mohammedmiskeen@Mohammeds-MBP FirstGitProject % ls -la
total 0
drwxr-xr-x   2 mohammedmiskeen  staff   64 Apr  9 01:02 .
drwxr-xr-x+ 15 mohammedmiskeen  staff  480 Apr  9 01:02 ..
mohammedmiskeen@Mohammeds-MBP FirstGitProject % git init
Initialized empty Git repository in /Users/mohammedmiskeen/FirstGitProject/.git/
mohammedmiskeen@Mohammeds-MBP FirstGitProject % git config —global user.email ‘’mohd.miskeen15@gmail.com’’
error: key does not contain a section: —global
mohammedmiskeen@Mohammeds-MBP FirstGitProject % cd 
mohammedmiskeen@Mohammeds-MBP ~ % git config —global user.email ‘’mohd.miskeen15@gmail.com’’
fatal: not in a git directory
mohammedmiskeen@Mohammeds-MBP ~ % pwd
/Users/mohammedmiskeen
mohammedmiskeen@Mohammeds-MBP ~ % cd /Users/mohammedmiskeen/FirstGitProject 
mohammedmiskeen@Mohammeds-MBP FirstGitProject % git config —global user.email ‘’mohd.miskeen15@gmail.com’’
error: key does not contain a section: —global
mohammedmiskeen@Mohammeds-MBP FirstGitProject % git config --global user.email ‘’mohd.miskeen15@gmail.com’’
mohammedmiskeen@Mohammeds-MBP FirstGitProject % git config —global user.name ‘’Mohammedmiskeen”
error: key does not contain a section: —global
mohammedmiskeen@Mohammeds-MBP FirstGitProject % git config --global user.name ‘’Mohammedmiskeen”
mohammedmiskeen@Mohammeds-MBP FirstGitProject % 
mohammedmiskeen@Mohammeds-MBP FirstGitProject % 
mohammedmiskeen@Mohammeds-MBP FirstGitProject % pwd
/Users/mohammedmiskeen/FirstGitProject
mohammedmiskeen@Mohammeds-MBP FirstGitProject % git init
Reinitialized existing Git repository in /Users/mohammedmiskeen/FirstGitProject/.git/
mohammedmiskeen@Mohammeds-MBP FirstGitProject % defaults write com.apple.finder AppleShowAllFiles YES
mohammedmiskeen@Mohammeds-MBP FirstGitProject % defaults write com.apple.finder AppleShowAllFiles YES
mohammedmiskeen@Mohammeds-MBP FirstGitProject % 
mohammedmiskeen@Mohammeds-MBP FirstGitProject % 
mohammedmiskeen@Mohammeds-MBP FirstGitProject % 
mohammedmiskeen@Mohammeds-MBP FirstGitProject % git status 
On branch master

No commits yet

Untracked files:
  (use "git add <file>..." to include in what will be committed)
	.DS_Store

nothing added to commit but untracked files present (use "git add" to track)
mohammedmiskeen@Mohammeds-MBP FirstGitProject % git add test1.txt
fatal: pathspec 'test1.txt' did not match any files
mohammedmiskeen@Mohammeds-MBP FirstGitProject % git status 
On branch master

No commits yet

Untracked files:
  (use "git add <file>..." to include in what will be committed)
	.DS_Store

nothing added to commit but untracked files present (use "git add" to track)
mohammedmiskeen@Mohammeds-MBP FirstGitProject % touch test1.txt
mohammedmiskeen@Mohammeds-MBP FirstGitProject % git add 
Nothing specified, nothing added.
Maybe you wanted to say 'git add .'?
mohammedmiskeen@Mohammeds-MBP FirstGitProject % git add test1.txt 
mohammedmiskeen@Mohammeds-MBP FirstGitProject % git status 
On branch master

No commits yet

Changes to be committed:
  (use "git rm --cached <file>..." to unstage)
	new file:   test1.txt

Untracked files:
  (use "git add <file>..." to include in what will be committed)
	.DS_Store

mohammedmiskeen@Mohammeds-MBP FirstGitProject % defaults write com.apple.finder AppleShowAllFiles
2021-04-09 01:31:54.734 defaults[3137:178600] 
Rep argument is not a dictionary
Defaults have not been changed.
mohammedmiskeen@Mohammeds-MBP FirstGitProject % 
mohammedmiskeen@Mohammeds-MBP FirstGitProject % 
mohammedmiskeen@Mohammeds-MBP FirstGitProject % touch index.html
mohammedmiskeen@Mohammeds-MBP FirstGitProject % git status 
On branch master

No commits yet

Changes to be committed:
  (use "git rm --cached <file>..." to unstage)
	new file:   test1.txt

Changes not staged for commit:
  (use "git add <file>..." to update what will be committed)
  (use "git restore <file>..." to discard changes in working directory)
	modified:   test1.txt

Untracked files:
  (use "git add <file>..." to include in what will be committed)
	.DS_Store
	index.html

mohammedmiskeen@Mohammeds-MBP FirstGitProject % git add.
git: 'add.' is not a git command. See 'git --help'.

The most similar command is
	add
mohammedmiskeen@Mohammeds-MBP FirstGitProject % git add .
mohammedmiskeen@Mohammeds-MBP FirstGitProject % 
mohammedmiskeen@Mohammeds-MBP FirstGitProject % 
mohammedmiskeen@Mohammeds-MBP FirstGitProject % git status 
On branch master

No commits yet

Changes to be committed:
  (use "git rm --cached <file>..." to unstage)
	new file:   .DS_Store
	new file:   index.html
	new file:   test1.txt

mohammedmiskeen@Mohammeds-MBP FirstGitProject % git commit -m 'added intex.html | modified test1.txt
quote> git status 
quote> 
quote>            
mohammedmiskeen@Mohammeds-MBP FirstGitProject % git commit -m "added intex.html | modified test1.txt"
git status

[master (root-commit) 426efb1] added intex.html | modified test1.txt
 3 files changed, 1 insertion(+)
 create mode 100644 .DS_Store
 create mode 100644 index.html
 create mode 100644 test1.txt
On branch master
nothing to commit, working tree clean
mohammedmiskeen@Mohammeds-MBP FirstGitProject % git status
On branch master
nothing to commit, working tree clean
mohammedmiskeen@Mohammeds-MBP FirstGitProject % git remote add origin https://github.com/Mohammedmiskeen/NewGitMacRepo.git
mohammedmiskeen@Mohammeds-MBP FirstGitProject % git push -u origin master
Username for 'https://github.com': mohd.miskeen15@gmail.com
Password for 'https://mohd.miskeen15@gmail.com@github.com': 
Enumerating objects: 5, done.
Counting objects: 100% (5/5), done.
Delta compression using up to 8 threads
Compressing objects: 100% (3/3), done.
Writing objects: 100% (5/5), 810 bytes | 810.00 KiB/s, done.
Total 5 (delta 0), reused 0 (delta 0)
To https://github.com/Mohammedmiskeen/NewGitMacRepo.git
 * [new branch]      master -> master
Branch 'master' set up to track remote branch 'master' from 'origin'.
mohammedmiskeen@Mohammeds-MBP FirstGitProject % git log
commit 426efb130ad0b58bda6a88d18e15ba17905767d5 (HEAD -> master, origin/master)
Author: ‘’Mohammedmiskeen” <‘’mohd.miskeen15@gmail.com’’>
Date:   Fri Apr 9 01:41:56 2021 -0500

    added intex.html | modified test1.txt
mohammedmiskeen@Mohammeds-MBP FirstGitProject %                             

